Warp 1.14.0 initialized:
   CUDA Toolkit 12.9, Driver 13.0
   Devices:
     "cpu"      : "x86_64"
     "cuda:0"   : "NVIDIA A100-SXM4-80GB" (79 GiB, sm_80, mempool enabled)
   Kernel cache:
     /home/baskarg/.cache/warp/1.14.0
fig3/bi10: strip 1024 elements (4 x 256), Bi=10.0, device_bound=True
/home/baskarg/DiffSim/src/diffsim/assembly/device_assembly.py:411: UserWarning: Sparse invariant checks are implicitly disabled. Memory errors (e.g. SEGFAULT) will occur when operating on a sparse tensor which violates the invariants, but checks incur performance overhead. To silence this warning, explicitly opt in or out. See `torch.sparse.check_sparse_tensor_invariants.__doc__` for guidance.  (Triggered internally at /pytorch/aten/src/ATen/Context.cpp:760.)
  A_t = torch.sparse_csr_tensor(
/home/baskarg/DiffSim/src/diffsim/assembly/device_assembly.py:411: UserWarning: Sparse CSR tensor support is in beta state. If you miss a functionality in the sparse tensor support, please submit a feature request to https://github.com/pytorch/pytorch/issues. (Triggered internally at /pytorch/aten/src/ATen/SparseCsrTensorImpl.cpp:49.)
  A_t = torch.sparse_csr_tensor(
No multithreading interface library was specified using the DirectSolverOptions. The performance of CPU operations like planning will be significantly lower than if you provide a multithreading library.
Module make_wodo_newton__locals__wodo_k_ffd5bf99 ffd5bf9 load on device 'cuda:0' took 1.52 ms  (cached)
Module _scatter_kernel__locals__scat_772b6487 772b648 load on device 'cuda:0' took 0.97 ms  (cached)
Module _scatter_vec_kernel__locals__scatv_e6753018 e675301 load on device 'cuda:0' took 0.86 ms  (cached)

===== Bi = 10.0 =====
steps=151 rejects=0 reason=phis_stop wall=3s
t_final=0.3318  h: 1.0 -> 0.419  h monotone: YES (n_increase=0)
gate(iv) solute content h*Phi_i: max rel drift 4.18e-16; mapped means Phi_p 0.200 -> 0.476, Phi_f 0.200 -> 0.477 (enrichment)
solvent stratification pre-onset: max[phis(bot)-phis(top)] = +0.3694
separation onset (row |phi_p-phi_f| > 0.1): t=0.1586, theta=0.99; rows already seeded (>0.05): theta in [0.81,1.00] (15% of rows)
propagation: 257/257 rows crossed; corr(theta, t_cross) = -0.88 (negative => top first, propagating down); spread(t_cross)/t_final = 0.37
  phi_p(theta) @ h=0.90 t=0.02598: [0.20 0.20 0.20 0.20 0.20 0.20 0.20 0.21 0.21 0.23 0.25 0.30 0.34] (theta=0 -> 1); phis top=0.310 bot=0.601
  phi_p(theta) @ h=0.75 t=0.0859: [0.21 0.21 0.21 0.21 0.22 0.23 0.25 0.26 0.29 0.32 0.33 0.39 0.36] (theta=0 -> 1); phis top=0.216 bot=0.585
  phi_p(theta) @ h=0.60 t=0.1633: [0.28 0.28 0.28 0.29 0.30 0.31 0.34 0.35 0.33 0.35 0.43 0.44 0.32] (theta=0 -> 1); phis top=0.169 bot=0.444
  phi_p(theta) @ h=0.45 t=0.2855: [0.01 0.16 0.77 0.88 0.56 0.04 0.04 0.56 0.90 0.72 0.11 0.22 0.72] (theta=0 -> 1); phis top=0.085 bot=0.105
RESULT fig=3 case=bi10 res=full Bi=10.0 reason=phis_stop steps=151 t_final=0.3318 h_end=0.419 strat=+0.3694 onset_theta=0.99 mass_drift=4.18e-16 wall=3s
