Warp 1.14.0 initialized:
   CUDA Toolkit 12.9, Driver 13.0
   Devices:
     "cpu"      : "x86_64"
     "cuda:0"   : "NVIDIA A100-SXM4-80GB" (79 GiB, sm_80, mempool enabled)
   Kernel cache:
     /home/baskarg/.cache/warp/1.14.0
fig3/bi0.1: strip 1024 elements (4 x 256), Bi=0.1, device_bound=True
/home/baskarg/DiffSim/src/diffsim/assembly/device_assembly.py:411: UserWarning: Sparse invariant checks are implicitly disabled. Memory errors (e.g. SEGFAULT) will occur when operating on a sparse tensor which violates the invariants, but checks incur performance overhead. To silence this warning, explicitly opt in or out. See `torch.sparse.check_sparse_tensor_invariants.__doc__` for guidance.  (Triggered internally at /pytorch/aten/src/ATen/Context.cpp:760.)
  A_t = torch.sparse_csr_tensor(
/home/baskarg/DiffSim/src/diffsim/assembly/device_assembly.py:411: UserWarning: Sparse CSR tensor support is in beta state. If you miss a functionality in the sparse tensor support, please submit a feature request to https://github.com/pytorch/pytorch/issues. (Triggered internally at /pytorch/aten/src/ATen/SparseCsrTensorImpl.cpp:49.)
  A_t = torch.sparse_csr_tensor(
No multithreading interface library was specified using the DirectSolverOptions. The performance of CPU operations like planning will be significantly lower than if you provide a multithreading library.
Module make_wodo_newton__locals__wodo_k_ffd5bf99 ffd5bf9 load on device 'cuda:0' took 1.81 ms  (cached)
Module _scatter_kernel__locals__scat_772b6487 772b648 load on device 'cuda:0' took 1.24 ms  (cached)
Module _scatter_vec_kernel__locals__scatv_e6753018 e675301 load on device 'cuda:0' took 1.06 ms  (cached)

===== Bi = 0.1 =====
steps=174 rejects=1 reason=phis_stop wall=3s
t_final=20.69  h: 1.0 -> 0.418  h monotone: YES (n_increase=0)
gate(iv) solute content h*Phi_i: max rel drift 8.35e-16; mapped means Phi_p 0.199 -> 0.477, Phi_f 0.200 -> 0.478 (enrichment)
solvent stratification pre-onset: max[phis(bot)-phis(top)] = +0.0140
separation onset (row |phi_p-phi_f| > 0.1): t=2.172, theta=0.98; rows already seeded (>0.05): theta in [0.74,1.00] (20% of rows)
propagation: 257/257 rows crossed; corr(theta, t_cross) = -0.31 (negative => top first, propagating down); spread(t_cross)/t_final = 0.28
  phi_p(theta) @ h=0.90 t=1.804: [0.22 0.22 0.22 0.22 0.22 0.22 0.22 0.22 0.22 0.23 0.23 0.22 0.21] (theta=0 -> 1); phis top=0.547 bot=0.559
  phi_p(theta) @ h=0.75 t=4.776: [0.47 0.32 0.08 0.10 0.37 0.49 0.37 0.09 0.06 0.23 0.46 0.35 0.12] (theta=0 -> 1); phis top=0.467 bot=0.457
  phi_p(theta) @ h=0.60 t=8.795: [0.66 0.53 0.09 0.03 0.09 0.54 0.66 0.64 0.26 0.03 0.05 0.42 0.66] (theta=0 -> 1); phis top=0.310 bot=0.311
  phi_p(theta) @ h=0.45 t=16.54: [0.90 0.87 0.41 0.02 0.01 0.02 0.39 0.87 0.90 0.89 0.54 0.03 0.01] (theta=0 -> 1); phis top=0.093 bot=0.094
RESULT fig=3 case=bi0.1 res=full Bi=0.1 reason=phis_stop steps=174 t_final=20.69 h_end=0.418 strat=+0.0140 onset_theta=0.98 mass_drift=8.35e-16 wall=3s
