Warp 1.14.0 initialized:
   CUDA Toolkit 12.9, Driver 13.0
   Devices:
     "cpu"      : "x86_64"
     "cuda:0"   : "NVIDIA A100-SXM4-80GB" (79 GiB, sm_80, mempool enabled)
   Kernel cache:
     /home/baskarg/.cache/warp/1.14.0

===== fig5/blend11 [full 250x100]: Np=5 Nf=5 chi=(1.0, 0.3, 0.3) Bi=0.3 blend 1:1 (phi_p0=0.1250, phi_f0=0.1250) kappa=2.000e-04 M=(0.256,0.256) device_bound=True =====
  interface check: delta(binary,final)=0.0415 = 4.2 lateral elems
/home/baskarg/DiffSim/src/diffsim/assembly/device_assembly.py:411: UserWarning: Sparse invariant checks are implicitly disabled. Memory errors (e.g. SEGFAULT) will occur when operating on a sparse tensor which violates the invariants, but checks incur performance overhead. To silence this warning, explicitly opt in or out. See `torch.sparse.check_sparse_tensor_invariants.__doc__` for guidance.  (Triggered internally at /pytorch/aten/src/ATen/Context.cpp:760.)
  A_t = torch.sparse_csr_tensor(
/home/baskarg/DiffSim/src/diffsim/assembly/device_assembly.py:411: UserWarning: Sparse CSR tensor support is in beta state. If you miss a functionality in the sparse tensor support, please submit a feature request to https://github.com/pytorch/pytorch/issues. (Triggered internally at /pytorch/aten/src/ATen/SparseCsrTensorImpl.cpp:49.)
  A_t = torch.sparse_csr_tensor(
No multithreading interface library was specified using the DirectSolverOptions. The performance of CPU operations like planning will be significantly lower than if you provide a multithreading library.
Module make_wodo_newton__locals__wodo_k_ffd5bf99 ffd5bf9 load on device 'cuda:0' took 1.50 ms  (cached)
Module _scatter_kernel__locals__scat_772b6487 772b648 load on device 'cuda:0' took 0.90 ms  (cached)
Module _scatter_vec_kernel__locals__scatv_e6753018 e675301 load on device 'cuda:0' took 0.89 ms  (cached)
  [f5_blend11_full] step    50 t=  0.5678 h=0.877 phi_s=0.715 dt=1.90e-02 it= 4 A= 5648.42 lay=0 wall=   10s
  [f5_blend11_full] step   100 t=  1.5756 h=0.677 phi_s=0.631 dt=2.16e-02 it= 4 A= 4988.19 lay=0 wall=   17s
  [f5_blend11_full] step   150 t=  2.7970 h=0.477 phi_s=0.476 dt=2.86e-02 it= 5 A=  589.07 lay=0 wall=   27s
  [f5_blend11_full] step   200 t=  4.9655 h=0.291 phi_s=0.142 dt=1.01e-01 it= 8 A=    3.02 lay=2 wall=   41s
  snap h=0.90: A_p=4925.28 A_d=0.19 layers=0 top=(0.146,0.146)
  snap h=0.70: A_p=5194.45 A_d=0.37 layers=0 top=(0.186,0.186)
  snap h=0.60: A_p=3311.88 A_d=0.53 layers=0 top=(0.216,0.216)
  snap h=0.50: A_p=1231.57 A_d=1.13 layers=0 top=(0.258,0.258)
  snap h=0.40: A_p=2.86 A_d=2.85 layers=0 top=(0.318,0.329)
  snap h=final: A_p=3.00 A_d=3.00 layers=2 top=(0.423,0.547)
RESULT fig=5 case=blend11 res=full reason=phis_stop steps=208 rejects=1 h_end=0.260 phis_end=0.037 A_p=2.999 A_d=2.997 layers=2 top_p=0.423 top_f=0.547 mass_drift=1.31e-15 phi_range=[+0.0266,0.9385] wall=44s
